--------- beginning of main
D/RemoteTts( 1665): speak() text='agua' speed=null
D/RemoteTts( 1665): personality=friendly gender=male segments=1
D/RemoteTts( 1665): playing seg='agua' voice=es-ES-Neural2-B file=5376b
D/RemoteTts( 1665): speak() text='bueno' speed=null
D/RemoteTts( 1665): personality=friendly gender=male segments=1
D/RemoteTts( 1665): playing seg='bueno' voice=es-ES-Neural2-B file=5760b
D/RemoteTts( 1665): speak() text='casa' speed=null
D/RemoteTts( 1665): personality=friendly gender=male segments=1
D/RemoteTts( 1665): playing seg='casa' voice=es-ES-Neural2-B file=5376b
D/RemoteTts( 1665): speak() text='día' speed=null
D/RemoteTts( 1665): personality=friendly gender=male segments=1
D/RemoteTts( 1665): playing seg='día' voice=es-ES-Neural2-B file=5568b
D/RemoteTts( 1665): speak() text='elefante' speed=null
D/RemoteTts( 1665): personality=friendly gender=male segments=1
D/RemoteTts( 1665): playing seg='elefante' voice=es-ES-Neural2-B file=7296b
D/RemoteTts( 1665): speak() text='María llega a la oficina a las nueve. Dice: "¡Buenos días!" ' speed=null
D/RemoteTts( 1665): personality=friendly gender=male segments=1
D/RemoteTts( 1665): playing seg='María llega a la oficina a las nueve. Di' voice=es-ES-Neural2-B file=117120b
D/RemoteTts( 1665): speak() text='agua' speed=null
D/RemoteTts( 1665): personality=friendly gender=male segments=1
D/RemoteTts( 1665): playing seg='agua' voice=es-ES-Neural2-B file=5376b
D/RemoteTts( 1665): speak() text='bueno' speed=null
D/RemoteTts( 1665): personality=friendly gender=male segments=1
D/RemoteTts( 1665): playing seg='bueno' voice=es-ES-Neural2-B file=5760b
D/RemoteTts( 8269): speak() text='Хей, погнали учить испанский! ¡Hola, qué tal!' speed=null
D/RemoteTts( 8269): personality=friendly gender=male segments=2
D/RemoteTts( 8269): playing seg='Хей, погнали учить испанский! ¡' voice=ru-RU-Wavenet-D file=20160b
D/RemoteTts( 8269): playing seg='Hola, qué tal!' voice=es-ES-Neural2-B file=11712b
D/RemoteTts( 8269): speak() text='Хей, погнали учить испанский! ¡Hola, qué tal!' speed=null
D/RemoteTts( 8269): personality=friendly gender=male segments=2
D/RemoteTts( 8269): playing seg='Хей, погнали учить испанский! ¡' voice=ru-RU-Wavenet-D file=24576b
D/RemoteTts( 8269): playing seg='Hola, qué tal!' voice=es-ES-Neural2-B file=14400b
D/RemoteTts( 8269): speak() text='Какое прекрасное утро. Hola, mi querido amigo.' speed=null
D/RemoteTts( 8269): personality=friendly gender=male segments=2
D/RemoteTts( 8269): playing seg='Какое прекрасное утро.' voice=ru-RU-Wavenet-D file=14592b
D/RemoteTts( 8269): playing seg='Hola, mi querido amigo.' voice=es-ES-Neural2-B file=17088b
D/RemoteTts( 8269): speak() text='Привет, давай начнём урок. Hola, ¿cómo estás?' speed=null
D/RemoteTts( 8269): personality=romantic gender=male segments=2
D/RemoteTts( 8269): playing seg='Привет, давай начнём урок.' voice=ru-RU-Wavenet-D file=19200b
D/RemoteTts( 8269): playing seg='Hola, ¿cómo estás?' voice=es-ES-Studio-C file=11136b
D/RemoteTts( 8269): speak() text='Здравствуйте. Сегодня изучаем глагол ser. Hola, ¿cómo está u' speed=null
D/RemoteTts( 8269): personality=strict gender=male segments=2
D/RemoteTts( 8269): playing seg='Здравствуйте. Сегодня изучаем глагол' voice=ru-RU-Wavenet-B file=26496b
D/RemoteTts( 8269): playing seg='ser. Hola, ¿cómo está usted?' voice=es-ES-Neural2-B file=22272b
D/RemoteTts( 8269): speak() text='Привет, давай начнём урок. Hola, ¿cómo estás?' speed=null
D/RemoteTts( 8269): personality=strict gender=male segments=2
D/RemoteTts( 8269): playing seg='Привет, давай начнём урок.' voice=ru-RU-Wavenet-B file=14784b
D/RemoteTts( 8269): playing seg='Hola, ¿cómo estás?' voice=es-ES-Neural2-B file=10944b
D/RemoteTts( 8269): speak() text='Привет, давай начнём урок. Hola, ¿cómo estás?' speed=null
D/RemoteTts( 8269): personality=polite gender=female segments=2
D/RemoteTts( 8269): playing seg='Привет, давай начнём урок.' voice=ru-RU-Wavenet-E file=18816b
D/RemoteTts( 8269): speak() text='Хей, погнали учить испанский! ¡Hola, qué tal!' speed=null
D/RemoteTts( 8269): personality=polite gender=female segments=2
D/RemoteTts( 8269): playing seg='Хей, погнали учить испанский! ¡' voice=ru-RU-Wavenet-E file=23040b
D/RemoteTts( 8269): speak() text='Хей, погнали учить испанский! ¡Hola, qué tal!' speed=null
D/RemoteTts( 8269): personality=friendly gender=female segments=2
D/RemoteTts( 8269): playing seg='Хей, погнали учить испанский! ¡' voice=ru-RU-Wavenet-A file=23808b
D/RemoteTts( 8269): speak() text='Какое прекрасное утро. Hola, mi querido amigo.' speed=null
D/RemoteTts( 8269): personality=friendly gender=female segments=2
D/RemoteTts( 8269): playing seg='Какое прекрасное утро.' voice=ru-RU-Wavenet-A file=14592b
D/RemoteTts( 8269): speak() text='Какое прекрасное утро. Hola, mi querido amigo.' speed=null
D/RemoteTts( 8269): personality=romantic gender=female segments=2
D/RemoteTts( 8269): playing seg='Какое прекрасное утро.' voice=ru-RU-Wavenet-C file=15936b
D/RemoteTts( 8269): playing seg='Hola, mi querido amigo.' voice=es-ES-Studio-F file=17856b
D/RemoteTts( 8269): speak() text='Здравствуйте. Сегодня изучаем глагол ser. Hola, ¿cómo está u' speed=null
D/RemoteTts( 8269): personality=romantic gender=female segments=2
D/RemoteTts( 8269): playing seg='Здравствуйте. Сегодня изучаем глагол' voice=ru-RU-Wavenet-C file=27648b
D/RemoteTts( 8269): speak() text='Какое прекрасное утро. Hola, mi querido amigo.' speed=null
D/RemoteTts( 8269): personality=strict gender=female segments=2
D/RemoteTts( 8269): playing seg='Какое прекрасное утро.' voice=ru-RU-Wavenet-E file=16320b
D/RemoteTts( 8269): speak() text='Хей, погнали учить испанский! ¡Hola, qué tal!' speed=null
D/RemoteTts( 8269): personality=romantic gender=female segments=2
D/RemoteTts( 8269): playing seg='Хей, погнали учить испанский! ¡' voice=ru-RU-Wavenet-C file=26496b
W/RemoteTts( 8269): fetchMp3 failed for seg='ser. Hola, ¿cómo está usted?' voice=es-ES-Studio-F
W/RemoteTts( 8269): kotlinx.coroutines.JobCancellationException: StandaloneCoroutine was cancelled; job=StandaloneCoroutine{Cancelling}@5bf4f7
D/RemoteTts(13457): speak() text='Здравствуйте. Сегодня изучаем глагол ser. Hola, ¿cómo está u' speed=null
D/RemoteTts(13457): personality=friendly gender=female segments=2
D/RemoteTts(13457): playing seg='Здравствуйте. Сегодня изучаем глагол' voice=ru-RU-Wavenet-A file=26112b
D/RemoteTts(13457): speak() text='Привет, давай начнём урок. Hola, ¿cómo estás?' speed=null
D/RemoteTts(13457): personality=strict gender=female segments=2
D/RemoteTts(13457): playing seg='Привет, давай начнём урок.' voice=ru-RU-Wavenet-C file=23040b
W/RemoteTts(13457): fetchMp3 failed for seg='ser. Hola, ¿cómo está usted?' voice=es-ES-Neural2-D
W/RemoteTts(13457): kotlinx.coroutines.JobCancellationException: StandaloneCoroutine was cancelled; job=StandaloneCoroutine{Cancelling}@c4113b8
D/RemoteTts(13457): speak() text='Хей, погнали учить испанский! ¡Hola, qué tal!' speed=null
D/RemoteTts(13457): personality=polite gender=female segments=2
D/RemoteTts(13457): playing seg='Хей, погнали учить испанский! ¡' voice=ru-RU-Standard-E file=23040b
D/RemoteTts(13457): speak() text='Какое прекрасное утро. Hola, mi querido amigo.' speed=null
D/RemoteTts(13457): personality=friendly gender=female segments=2
D/RemoteTts(13457): playing seg='Какое прекрасное утро.' voice=ru-RU-Wavenet-A file=14592b
D/RemoteTts(13457): playing seg='Hola, mi querido amigo.' voice=es-ES-Neural2-D file=15552b
D/RemoteTts(13457): speak() text='Здравствуйте. Сегодня изучаем глагол ser. Hola, ¿cómo está u' speed=null
D/RemoteTts(13457): personality=romantic gender=male segments=2
D/RemoteTts(13457): playing seg='Здравствуйте. Сегодня изучаем глагол' voice=ru-RU-Standard-B file=25728b
D/RemoteTts(13457): speak() text='Привет, давай начнём урок. Hola, ¿cómo estás?' speed=null
D/RemoteTts(13457): personality=strict gender=male segments=2
D/RemoteTts(13457): playing seg='Привет, давай начнём урок.' voice=ru-RU-Wavenet-B file=19392b
D/RemoteTts(13457): playing seg='Hola, ¿cómo estás?' voice=es-ES-Polyglot-1 file=16704b
D/RemoteTts(20007): speak() text='Здравствуйте. Сегодня изучаем глагол ser. Hola, ¿cómo está u' speed=null
D/RemoteTts(20007): personality=friendly gender=female segments=2
D/RemoteTts(20007): playing seg='Здравствуйте. Сегодня изучаем глагол' voice=ru-RU-Wavenet-A pitch=2.5 file=24000b
D/RemoteTts(20007): speak() text='Привет, давай начнём урок. Hola, ¿cómo estás?' speed=null
D/RemoteTts(20007): personality=strict gender=female segments=2
D/RemoteTts(20007): playing seg='Привет, давай начнём урок.' voice=ru-RU-Wavenet-C pitch=-3.0 file=20736b
W/RemoteTts(20007): fetchMp3 failed for seg='ser. Hola, ¿cómo está usted?' voice=es-ES-Neural2-D
W/RemoteTts(20007): kotlinx.coroutines.JobCancellationException: StandaloneCoroutine was cancelled; job=StandaloneCoroutine{Cancelling}@cfb42f4
D/RemoteTts(20007): playing seg='Hola, ¿cómo estás?' voice=es-ES-Neural2-E pitch=-3.0 file=13632b
D/RemoteTts(20007): speak() text='Хей, погнали учить испанский! ¡Hola, qué tal!' speed=null
D/RemoteTts(20007): personality=polite gender=female segments=2
D/RemoteTts(20007): playing seg='Хей, погнали учить испанский! ¡' voice=ru-RU-Standard-E pitch=-1.0 file=21120b
D/RemoteTts(20007): speak() text='Какое прекрасное утро. Hola, mi querido amigo.' speed=null
D/RemoteTts(20007): personality=friendly gender=female segments=2
D/RemoteTts(20007): playing seg='Какое прекрасное утро.' voice=ru-RU-Wavenet-A pitch=2.5 file=13056b
D/RemoteTts(20007): playing seg='Hola, mi querido amigo.' voice=es-ES-Neural2-D pitch=2.5 file=14016b
D/RemoteTts(20007): speak() text='Здравствуйте. Сегодня изучаем глагол ser. Hola, ¿cómo está u' speed=null
D/RemoteTts(20007): personality=romantic gender=male segments=2
D/RemoteTts(20007): playing seg='Здравствуйте. Сегодня изучаем глагол' voice=ru-RU-Standard-B pitch=0.5 file=23424b
D/RemoteTts(20007): speak() text='Привет, давай начнём урок. Hola, ¿cómo estás?' speed=null
D/RemoteTts(20007): personality=strict gender=male segments=2
D/RemoteTts(20007): playing seg='Привет, давай начнём урок.' voice=ru-RU-Wavenet-B pitch=-3.0 file=17280b
W/RemoteTts(20007): fetchMp3 failed for seg='ser. Hola, ¿cómo está usted?' voice=es-ES-Studio-C
W/RemoteTts(20007): kotlinx.coroutines.JobCancellationException: StandaloneCoroutine was cancelled; job=StandaloneCoroutine{Cancelling}@4d0edfb
D/RemoteTts(20007): playing seg='Hola, ¿cómo estás?' voice=es-ES-Polyglot-1 pitch=-3.0 file=15552b
